
> vite_react_shadcn_ts@0.0.0 build
> vite build

[36mvite v5.4.19 [32mbuilding for production...[36m[39m
transforming...
node.exe : 
Browserslist: browsers 
data (caniuse-lite) is 
9 months old. Please 
run:
No linha:1 caractere:1
+ & "C:\Program 
Files\nodejs/node.exe" 
"C:\Program 
Files\nodejs/node_mo 
...
+ ~~~~~~~~~~~~~~~~~~~~~
~~~~~~~~~~~~~~~~~~~~~~~
~~~~~~~~~~~~~~~~~~~~~~~
~~
    + CategoryInfo     
         : NotSpecifi  
  ed: (Browserslist:   
  b...ld. Please ru    
n::String) [], Rem    
oteException
    + FullyQualifiedEr 
   rorId : NativeComm  
  andError
 
  npx update-browsersli
st-db@latest
  Why you should do it 
regularly: https://gith
ub.com/browserslist/upd
ate-db#readme

[1m[33mwarn[39m[22m
 - The `content` 
option in your 
Tailwind CSS 
configuration is 
missing or empty.
[1m[33mwarn[39m[22m
 - Configure your 
content sources or 
your generated CSS 
will be missing styles.
[1m[33mwarn[39m[22m
 - https://tailwindcss.
com/docs/content-config
uration
[32mÔ£ô[39m 3 modules transformed.
[31mx[39m Build 
failed in 1.17s
[31merror during 
build:
[31m[vite:css] 
[postcss] C:/Users/luiz
cypriano/Documents/Pyth
on/Ferramenta_de_visita
s/src/index.css:3:1: 
The `border-border` 
class does not exist. 
If `border-border` is 
a custom class, make 
sure it is defined 
within a `@layer` 
directive.[31m
file: [36mC:/Users/lui
zcypriano/Documents/Pyt
hon/Ferramenta_de_visit
as/src/index.css:3:0[3
1m
    at Input.error (C:\
Users\luizcypriano\Docu
ments\Python\Ferramenta
_de_visitas\node_module
s\postcss\lib\input.js:
135:16)
    at AtRule.error (C:
\Users\luizcypriano\Doc
uments\Python\Ferrament
a_de_visitas\node_modul
es\postcss\lib\node.js:
146:32)
    at processApply (C:
\Users\luizcypriano\Doc
uments\Python\Ferrament
a_de_visitas\node_modul
es\tailwindcss\lib\lib\
expandApplyAtRules.js:3
80:29)
    at C:\Users\luizcyp
riano\Documents\Python\
Ferramenta_de_visitas\n
ode_modules\tailwindcss
\lib\lib\expandApplyAtR
ules.js:551:9
    at C:\Users\luizcyp
riano\Documents\Python\
Ferramenta_de_visitas\n
ode_modules\tailwindcss
\lib\processTailwindFea
tures.js:55:50
    at async plugins (C
:\Users\luizcypriano\Do
cuments\Python\Ferramen
ta_de_visitas\node_modu
les\tailwindcss\lib\plu
gin.js:38:17)
    at async 
LazyResult.runAsync (C:
\Users\luizcypriano\Doc
uments\Python\Ferrament
a_de_visitas\node_modul
es\postcss\lib\lazy-res
ult.js:293:11)
    at async 
compileCSS (file:///C:/
Users/luizcypriano/Docu
ments/Python/Ferramenta
_de_visitas/node_module
s/vite/dist/node/chunks
/dep-C6uTJdX2.js:36898:
21)
    at async 
Object.transform (file:
///C:/Users/luizcyprian
o/Documents/Python/Ferr
amenta_de_visitas/node_
modules/vite/dist/node/
chunks/dep-C6uTJdX2.js:
36171:11)
    at async transform 
(file:///C:/Users/luizc
ypriano/Documents/Pytho
n/Ferramenta_de_visitas
/node_modules/rollup/di
st/es/shared/node-entry
.js:19581:16)[39m
